
> temp_vite@0.0.0 test
> vitest src/components --run


[1m[46m RUN [49m[22m [36mv4.1.3 [39m[90mD:/Safwan/Todo_app[39m

 [32mÔ£ô[39m src/components/RecycleBinModal.test.jsx [2m([22m[2m1 test[22m[2m)[22m[32m 40[2mms[22m[39m
 [31mÔØ»[39m src/components/TaskForm.test.jsx [2m([22m[2m2 tests[22m[2m | [22m[31m2 failed[39m[2m)[22m[32m 68[2mms[22m[39m
[31m   [31m├ù[31m renders form and submits valid task[39m[32m 58[2mms[22m[39m
[31m   [31m├ù[31m shows validation error when title empty[39m[32m 7[2mms[22m[39m
 [31mÔØ»[39m src/components/TaskList.test.jsx [2m([22m[2m1 test[22m[2m | [22m[31m1 failed[39m[2m)[22m[32m 24[2mms[22m[39m
[31m   [31m├ù[31m renders list of tasks[39m[32m 21[2mms[22m[39m
 [31mÔØ»[39m src/components/TaskCard.test.jsx [2m([22m[2m2 tests[22m[2m | [22m[31m1 failed[39m[2m)[22m[32m 57[2mms[22m[39m
   [32mÔ£ô[39m renders task correctly[32m 47[2mms[22m[39m
[31m   [31m├ù[31m calls delete when delete button clicked[39m[32m 8[2mms[22m[39m
npm.cmd : 
At line:2 char:1
+ npm.cmd run test -- src/components --run > test_output.txt 2>&1
+ ~~~~~~~~~~~~~~~~~~~~~~~~~~~~~~~~~~~~~~~~~~~~~~~~~~~~~~~~~~~~~~~
    + CategoryInfo          : NotSpecified: (:String) [], RemoteException
    + FullyQualifiedErrorId : NativeCommandError
 
[31mÔÄ»ÔÄ»ÔÄ»ÔÄ»ÔÄ»ÔÄ»ÔÄ»[39m[1m[41m Failed Tests 4 [49m[22m[31mÔÄ»ÔÄ»ÔÄ»ÔÄ»ÔÄ»ÔÄ»ÔÄ»[39m

[41m[1m FAIL [22m[49m src/components/TaskCard.test.jsx[2m > [22mcalls delete when delete button clicked
[41m[1m FAIL [22m[49m src/components/TaskList.test.jsx[2m > [22mrenders list of tasks
[31m[1mTypeError[22m: Cannot read properties of undefined (reading 'toLowerCase')[39m
[36m [2mÔØ»[22m TaskCard src/components/TaskCard.jsx:[2m8:64[22m[39m
    [90m  6|[39m
    [90m  7|[39m   [35mreturn[39m (
    [90m  8|[39m     <div className={`task-card target-priority-${task.priority.toLowerÔÇª
    [90m   |[39m                                                                [31m^[39m
    [90m  9|[39m       [33m<[39m[33mdiv[39m [33mclassName[39m[33m=[39m[32m"task-card-header"[39m[33m>[39m
    [90m 10|[39m         [33m<[39m[33mlabel[39m 
[33mclassName[39m[33m=[39m[32m"checkbox-container"[39m[33m>[39m
[90m [2mÔØ»[22m Object.react_stack_bottom_frame 
node_modules/react-dom/cjs/react-dom-client.development.js:[2m25904:20[22m[39m
[90m [2mÔØ»[22m renderWithHooks node_modules/react-dom/cjs/react-dom-client.development.js:[2m7662:22[22m[39m
[90m [2mÔØ»[22m updateFunctionComponent 
node_modules/react-dom/cjs/react-dom-client.development.js:[2m10166:19[22m[39m
[90m [2mÔØ»[22m beginWork node_modules/react-dom/cjs/react-dom-client.development.js:[2m11778:18[22m[39m
[90m [2mÔØ»[22m runWithFiberInDEV node_modules/react-dom/cjs/react-dom-client.development.js:[2m874:13[22m[39m
[90m [2mÔØ»[22m performUnitOfWork node_modules/react-dom/cjs/react-dom-client.development.js:[2m17641:22[22m[39m
[90m [2mÔØ»[22m workLoopSync node_modules/react-dom/cjs/react-dom-client.development.js:[2m17469:41[22m[39m
[90m [2mÔØ»[22m renderRootSync node_modules/react-dom/cjs/react-dom-client.development.js:[2m17450:11[22m[39m
[90m [2mÔØ»[22m performWorkOnRoot node_modules/react-dom/cjs/react-dom-client.development.js:[2m16583:35[22m[39m

[31m[2mÔÄ»ÔÄ»ÔÄ»ÔÄ»ÔÄ»ÔÄ»ÔÄ»ÔÄ»ÔÄ»ÔÄ»ÔÄ»ÔÄ»ÔÄ»ÔÄ»ÔÄ»ÔÄ»ÔÄ»ÔÄ»ÔÄ»ÔÄ»ÔÄ»ÔÄ»ÔÄ»ÔÄ»[1/4]ÔÄ»[22m[39m

[41m[1m FAIL [22m[49m src/components/TaskForm.test.jsx[2m > [22mrenders form and submits valid task
[31m[1mTestingLibraryElementError[22m: Found multiple elements with the text: /add/i

Here are the matching elements:

Ignored nodes: comments, script, style
[36m<h3>[31m
  [0mAdd Task[0m
[36m</h3>[31m

Ignored nodes: comments, script, style
[36m<button[31m
  [33mclass[31m=[32m"primary-btn"[31m
  [33mtype[31m=[32m"submit"[31m
[36m>[31m
  [0mAdd[0m
[36m</button>[31m

(If this is intentional, then use the `*AllBy*` variant of the query (like `queryAllByText`, `getAllByText`, or 
`findAllByText`)).

Ignored nodes: comments, script, style
[36m<body>[31m
  [36m<div>[31m
    [36m<form[31m
      [33mclass[31m=[32m"task-form"[31m
    [36m>[31m
      [36m<h3>[31m
        [0mAdd Task[0m
      [36m</h3>[31m
      [36m<div[31m
        [33mclass[31m=[32m"form-group"[31m
      [36m>[31m
        [36m<label>[31m
          [0mTitle:[0m
        [36m</label>[31m
        [36m<input[31m
          [33mplaceholder[31m=[32m"Title"[31m
          [33mtype[31m=[32m"text"[31m
          [33mvalue[31m=[32m"New Task"[31m
        [36m/>[31m
      [36m</div>[31m
      [36m<div[31m
        [33mclass[31m=[32m"form-group"[31m
      [36m>[31m
        [36m<label>[31m
          [0mDescription:[0m
        [36m</label>[31m
        [36m<textarea[31m
          [33mplaceholder[31m=[32m"Description"[31m
        [36m/>[31m
      [36m</div>[31m
      [36m<div[31m
        [33mclass[31m=[32m"form-group"[31m
      [36m>[31m
        [36m<label>[31m
          [0mDue Date:[0m
        [36m</label>[31m
        [36m<input[31m
          [33mtype[31m=[32m"date"[31m
          [33mvalue[31m=[32m""[31m
        [36m/>[31m
      [36m</div>[31m
      [36m<div[31m
        [33mclass[31m=[32m"form-group"[31m
      [36m>[31m
        [36m<label>[31m
          [0mPriority:[0m
        [36m</label>[31m
        [36m<select>[31m
          [36m<option[31m
            [33mvalue[31m=[32m"Low"[31m
          [36m>[31m
            [0mLow[0m
          [36m</option>[31m
          [36m<option[31m
            [33mvalue[31m=[32m"Medium"[31m
          [36m>[31m
            [0mMedium[0m
          [36m</option>[31m
          [36m<option[31m
            [33mvalue[31m=[32m"High"[31m
          [36m>[31m
            [0mHigh[0m
          [36m</option>[31m
        [36m</select>[31m
      [36m</div>[31m
      [36m<button[31m
        [33mclass[31m=[32m"primary-btn"[31m
        [33mtype[31m=[32m"submit"[31m
      [36m>[31m
        [0mAdd[0m
      [36m</button>[31m
    [36m</form>[31m
  [36m</div>[31m
[36m</body>[31m[39m
[90m [2mÔØ»[22m Object.getElementError node_modules/@testing-library/dom/dist/config.js:[2m37:19[22m[39m
[90m [2mÔØ»[22m getElementError node_modules/@testing-library/dom/dist/query-helpers.js:[2m20:35[22m[39m
[90m [2mÔØ»[22m getMultipleElementsFoundError 
node_modules/@testing-library/dom/dist/query-helpers.js:[2m23:10[22m[39m
[90m [2mÔØ»[22m node_modules/@testing-library/dom/dist/query-helpers.js:[2m55:13[22m[39m
[90m [2mÔØ»[22m node_modules/@testing-library/dom/dist/query-helpers.js:[2m95:19[22m[39m
[36m [2mÔØ»[22m src/components/TaskForm.test.jsx:[2m13:26[22m[39m
    [90m 11|[39m   })[33m;[39m
    [90m 12|[39m
    [90m 13|[39m   
fireEvent[33m.[39m[34mclick[39m(screen[33m.[39m[34mgetByText[39m([36m/add/i[39m))[33m;[39m
    [90m   |[39m                          [31m^[39m
    [90m 14|[39m
    [90m 15|[39m   [34mexpect[39m(mockAdd)[33m.[39m[34mtoHaveBeenCalled[39m()[33m;[39m

[31m[2mÔÄ»ÔÄ»ÔÄ»ÔÄ»ÔÄ»ÔÄ»ÔÄ»ÔÄ»ÔÄ»ÔÄ»ÔÄ»ÔÄ»ÔÄ»ÔÄ»ÔÄ»ÔÄ»ÔÄ»ÔÄ»ÔÄ»ÔÄ»ÔÄ»ÔÄ»ÔÄ»ÔÄ»[2/4]ÔÄ»[22m[39m

[41m[1m FAIL [22m[49m src/components/TaskForm.test.jsx[2m > [22mshows validation error when title empty
[31m[1mTestingLibraryElementError[22m: Found multiple elements with the text: /add/i

Here are the matching elements:

Ignored nodes: comments, script, style
[36m<h3>[31m

[2m Test Files [22m [1m[31m3 failed[39m[22m[2m | [22m[1m[32m1 passed[39m[22m[90m (4)[39m
[2m      Tests [22m [1m[31m4 failed[39m[22m[2m | [22m[1m[32m2 passed[39m[22m[90m (6)[39m
[2m   Start at [22m 12:55:23
[2m   Duration [22m 1.73s[2m (transform 283ms, setup 450ms, import 866ms, tests 189ms, environment 4.05s)[22m

  [0mAdd Task[0m
[36m</h3>[31m

Ignored nodes: comments, script, style
[36m<button[31m
  [33mclass[31m=[32m"primary-btn"[31m
  [33mtype[31m=[32m"submit"[31m
[36m>[31m
  [0mAdd[0m
[36m</button>[31m

(If this is intentional, then use the `*AllBy*` variant of the query (like `queryAllByText`, `getAllByText`, or 
`findAllByText`)).

Ignored nodes: comments, script, style
[36m<body>[31m
  [36m<div>[31m
    [36m<form[31m
      [33mclass[31m=[32m"task-form"[31m
    [36m>[31m
      [36m<h3>[31m
        [0mAdd Task[0m
      [36m</h3>[31m
      [36m<div[31m
        [33mclass[31m=[32m"form-group"[31m
      [36m>[31m
        [36m<label>[31m
          [0mTitle:[0m
        [36m</label>[31m
        [36m<input[31m
          [33mplaceholder[31m=[32m"Title"[31m
          [33mtype[31m=[32m"text"[31m
          [33mvalue[31m=[32m""[31m
        [36m/>[31m
      [36m</div>[31m
      [36m<div[31m
        [33mclass[31m=[32m"form-group"[31m
      [36m>[31m
        [36m<label>[31m
          [0mDescription:[0m
        [36m</label>[31m
        [36m<textarea[31m
          [33mplaceholder[31m=[32m"Description"[31m
        [36m/>[31m
      [36m</div>[31m
      [36m<div[31m
        [33mclass[31m=[32m"form-group"[31m
      [36m>[31m
        [36m<label>[31m
          [0mDue Date:[0m
        [36m</label>[31m
        [36m<input[31m
          [33mtype[31m=[32m"date"[31m
          [33mvalue[31m=[32m""[31m
        [36m/>[31m
      [36m</div>[31m
      [36m<div[31m
        [33mclass[31m=[32m"form-group"[31m
      [36m>[31m
        [36m<label>[31m
          [0mPriority:[0m
        [36m</label>[31m
        [36m<select>[31m
          [36m<option[31m
            [33mvalue[31m=[32m"Low"[31m
          [36m>[31m
            [0mLow[0m
          [36m</option>[31m
          [36m<option[31m
            [33mvalue[31m=[32m"Medium"[31m
          [36m>[31m
            [0mMedium[0m
          [36m</option>[31m
          [36m<option[31m
            [33mvalue[31m=[32m"High"[31m
          [36m>[31m
            [0mHigh[0m
          [36m</option>[31m
        [36m</select>[31m
      [36m</div>[31m
      [36m<button[31m
        [33mclass[31m=[32m"primary-btn"[31m
        [33mtype[31m=[32m"submit"[31m
      [36m>[31m
        [0mAdd[0m
      [36m</button>[31m
    [36m</form>[31m
  [36m</div>[31m
[36m</body>[31m[39m
[90m [2mÔØ»[22m Object.getElementError node_modules/@testing-library/dom/dist/config.js:[2m37:19[22m[39m
[90m [2mÔØ»[22m getElementError node_modules/@testing-library/dom/dist/query-helpers.js:[2m20:35[22m[39m
[90m [2mÔØ»[22m getMultipleElementsFoundError 
node_modules/@testing-library/dom/dist/query-helpers.js:[2m23:10[22m[39m
[90m [2mÔØ»[22m node_modules/@testing-library/dom/dist/query-helpers.js:[2m55:13[22m[39m
[90m [2mÔØ»[22m node_modules/@testing-library/dom/dist/query-helpers.js:[2m95:19[22m[39m
[36m [2mÔØ»[22m src/components/TaskForm.test.jsx:[2m21:26[22m[39m
    [90m 19|[39m   [34mrender[39m([33m<[39m[33mTaskForm[39m [33monSubmit[39m[33m=[39m[33m{[39m() 
[33m=>[39m {}[33m}[39m [33m/[39m[33m>[39m)[33m;[39m
    [90m 20|[39m
    [90m 21|[39m   
fireEvent[33m.[39m[34mclick[39m(screen[33m.[39m[34mgetByText[39m([36m/add/i[39m))[33m;[39m
    [90m   |[39m                          [31m^[39m
    [90m 22|[39m
    [90m 23|[39m   [34mexpect[39m(screen[33m.[39m[34mgetByText[39m([36m/title is 
required/i[39m))[33m.[39m[34mtoBeInTheDocument[39m()[33m;[39m

[31m[2mÔÄ»ÔÄ»ÔÄ»ÔÄ»ÔÄ»ÔÄ»ÔÄ»ÔÄ»ÔÄ»ÔÄ»ÔÄ»ÔÄ»ÔÄ»ÔÄ»ÔÄ»ÔÄ»ÔÄ»ÔÄ»ÔÄ»ÔÄ»ÔÄ»ÔÄ»ÔÄ»ÔÄ»[3/4]ÔÄ»[22m[39m

